// Jest Snapshot v1, https://goo.gl/fbAQLP

exports[`Counter Component Test Unit should render correctly 1`] = `
<div
  class="react-counter"
>
  <div
    class="counter-header"
  >
    <h1>
      SOME_DUMMY_KEY
    </h1>
  </div>
  <h1
    class="counter-count"
  >
    0
  </h1>
  <div
    class="controls-wrapper"
  >
    <button
      class="counter-btn"
      type="button"
    >
      -
    </button>
    <button
      class="counter-btn"
      type="button"
    >
      +
    </button>
  </div>
</div>
`;
